Loaded 15233 skin rows into 3528 target families.
Resume skipped existing results: 934; queued: 2594.
Output: C:\Users\18220\Desktop\cs2_alchemy\output\c5-wear-dry-run
[2026-05-25T05:20:17+08:00] dry-run processed=950/3528 success=947 failure=3 diff=27 pending=2575 rate=43.68/s
[2026-05-25T05:20:51+08:00] dry-run processed=975/3528 success=972 failure=3 diff=27 pending=2550 rate=17.48/s
[2026-05-25T05:21:24+08:00] dry-run processed=1000/3528 success=997 failure=3 diff=27 pending=2525 rate=11.21/s
[2026-05-25T05:21:58+08:00] dry-run processed=1025/3528 success=1022 failure=3 diff=27 pending=2500 rate=8.33/s
[2026-05-25T05:22:34+08:00] dry-run processed=1050/3528 success=1047 failure=3 diff=27 pending=2475 rate=6.60/s
[2026-05-25T05:23:08+08:00] dry-run processed=1075/3528 success=1072 failure=3 diff=28 pending=2450 rate=5.57/s
[2026-05-25T05:23:41+08:00] dry-run processed=1100/3528 success=1097 failure=3 diff=29 pending=2425 rate=4.86/s
[2026-05-25T05:24:15+08:00] dry-run processed=1125/3528 success=1122 failure=3 diff=34 pending=2400 rate=4.32/s
[2026-05-25T05:24:51+08:00] dry-run processed=1150/3528 success=1147 failure=3 diff=36 pending=2375 rate=3.88/s
[2026-05-25T05:24:55+08:00] periodic processed=1153/3528 success=1150 failure=3 diff=36 pending=2371 rate=3.84/s
[2026-05-25T05:25:25+08:00] dry-run processed=1175/3528 success=1172 failure=3 diff=36 pending=2350 rate=3.56/s
[2026-05-25T05:25:59+08:00] dry-run processed=1200/3528 success=1197 failure=3 diff=38 pending=2325 rate=3.30/s
[2026-05-25T05:26:33+08:00] dry-run processed=1225/3528 success=1222 failure=3 diff=38 pending=2300 rate=3.08/s
[2026-05-25T05:27:07+08:00] dry-run processed=1250/3528 success=1247 failure=3 diff=39 pending=2275 rate=2.89/s
[2026-05-25T05:27:42+08:00] dry-run processed=1275/3528 success=1271 failure=4 diff=40 pending=2250 rate=2.73/s
[2026-05-25T05:28:16+08:00] dry-run processed=1300/3528 success=1296 failure=4 diff=42 pending=2225 rate=2.60/s
[2026-05-25T05:28:49+08:00] dry-run processed=1325/3528 success=1319 failure=6 diff=43 pending=2200 rate=2.48/s
[2026-05-25T05:29:22+08:00] dry-run processed=1350/3528 success=1344 failure=6 diff=45 pending=2175 rate=2.38/s
[2026-05-25T05:29:55+08:00] periodic processed=1374/3528 success=1367 failure=7 diff=45 pending=2150 rate=2.29/s
[2026-05-25T05:29:55+08:00] dry-run processed=1375/3528 success=1368 failure=7 diff=45 pending=2150 rate=2.29/s
[2026-05-25T05:30:29+08:00] dry-run processed=1400/3528 success=1392 failure=8 diff=45 pending=2125 rate=2.21/s
[2026-05-25T05:31:03+08:00] dry-run processed=1425/3528 success=1417 failure=8 diff=49 pending=2100 rate=2.13/s
[2026-05-25T05:31:36+08:00] dry-run processed=1450/3528 success=1441 failure=9 diff=49 pending=2075 rate=2.07/s
[2026-05-25T05:32:12+08:00] dry-run processed=1475/3528 success=1466 failure=9 diff=50 pending=2050 rate=2.00/s
[2026-05-25T05:32:45+08:00] dry-run processed=1500/3528 success=1490 failure=10 diff=50 pending=2025 rate=1.95/s
[2026-05-25T05:33:18+08:00] dry-run processed=1525/3528 success=1515 failure=10 diff=54 pending=2000 rate=1.90/s
[2026-05-25T05:33:51+08:00] dry-run processed=1550/3528 success=1540 failure=10 diff=55 pending=1975 rate=1.85/s
[2026-05-25T05:34:24+08:00] dry-run processed=1575/3528 success=1563 failure=12 diff=57 pending=1950 rate=1.81/s
[2026-05-25T05:34:55+08:00] periodic processed=1596/3528 success=1584 failure=12 diff=58 pending=1928 rate=1.77/s
[2026-05-25T05:35:00+08:00] dry-run processed=1600/3528 success=1588 failure=12 diff=59 pending=1925 rate=1.77/s
[2026-05-25T05:35:34+08:00] dry-run processed=1625/3528 success=1613 failure=12 diff=60 pending=1900 rate=1.73/s
[2026-05-25T05:36:08+08:00] dry-run processed=1650/3528 success=1638 failure=12 diff=60 pending=1875 rate=1.70/s
[2026-05-25T05:36:42+08:00] dry-run processed=1675/3528 success=1662 failure=13 diff=60 pending=1850 rate=1.66/s
[2026-05-25T05:37:16+08:00] dry-run processed=1700/3528 success=1687 failure=13 diff=61 pending=1825 rate=1.63/s
[2026-05-25T05:37:52+08:00] dry-run processed=1725/3528 success=1712 failure=13 diff=61 pending=1800 rate=1.60/s
[2026-05-25T05:38:25+08:00] dry-run processed=1750/3528 success=1737 failure=13 diff=64 pending=1775 rate=1.58/s
[2026-05-25T05:39:00+08:00] dry-run processed=1775/3528 success=1762 failure=13 diff=64 pending=1750 rate=1.55/s
[2026-05-25T05:39:34+08:00] dry-run processed=1800/3528 success=1787 failure=13 diff=64 pending=1725 rate=1.53/s
[2026-05-25T05:39:55+08:00] periodic processed=1815/3528 success=1802 failure=13 diff=65 pending=1709 rate=1.51/s
[2026-05-25T05:40:07+08:00] dry-run processed=1825/3528 success=1812 failure=13 diff=65 pending=1700 rate=1.51/s
[2026-05-25T05:40:42+08:00] dry-run processed=1850/3528 success=1837 failure=13 diff=67 pending=1675 rate=1.48/s
[2026-05-25T05:41:18+08:00] dry-run processed=1875/3528 success=1862 failure=13 diff=67 pending=1650 rate=1.46/s
[2026-05-25T05:41:51+08:00] dry-run processed=1900/3528 success=1887 failure=13 diff=67 pending=1625 rate=1.44/s
[2026-05-25T05:42:24+08:00] dry-run processed=1925/3528 success=1912 failure=13 diff=68 pending=1600 rate=1.43/s
[2026-05-25T05:43:00+08:00] dry-run processed=1950/3528 success=1937 failure=13 diff=68 pending=1575 rate=1.41/s
[2026-05-25T05:43:35+08:00] dry-run processed=1975/3528 success=1962 failure=13 diff=68 pending=1550 rate=1.39/s
[2026-05-25T05:44:09+08:00] dry-run processed=2000/3528 success=1987 failure=13 diff=68 pending=1525 rate=1.38/s
[2026-05-25T05:44:42+08:00] dry-run processed=2025/3528 success=2012 failure=13 diff=68 pending=1500 rate=1.36/s
[2026-05-25T05:44:55+08:00] periodic processed=2033/3528 success=2020 failure=13 diff=68 pending=1491 rate=1.36/s
[2026-05-25T05:45:18+08:00] dry-run processed=2050/3528 success=2037 failure=13 diff=68 pending=1475 rate=1.35/s
[2026-05-25T05:45:52+08:00] dry-run processed=2075/3528 success=2062 failure=13 diff=69 pending=1450 rate=1.33/s
[2026-05-25T05:46:27+08:00] dry-run processed=2100/3528 success=2087 failure=13 diff=69 pending=1425 rate=1.32/s
[2026-05-25T05:47:00+08:00] dry-run processed=2125/3528 success=2112 failure=13 diff=69 pending=1400 rate=1.31/s
[2026-05-25T05:47:36+08:00] dry-run processed=2150/3528 success=2137 failure=13 diff=70 pending=1375 rate=1.29/s
[2026-05-25T05:48:10+08:00] dry-run processed=2175/3528 success=2162 failure=13 diff=70 pending=1350 rate=1.28/s
[2026-05-25T05:48:44+08:00] dry-run processed=2200/3528 success=2187 failure=13 diff=72 pending=1325 rate=1.27/s
[2026-05-25T05:49:18+08:00] dry-run processed=2225/3528 success=2212 failure=13 diff=73 pending=1300 rate=1.26/s
[2026-05-25T05:49:54+08:00] dry-run processed=2250/3528 success=2237 failure=13 diff=74 pending=1275 rate=1.25/s
[2026-05-25T05:49:55+08:00] periodic processed=2251/3528 success=2238 failure=13 diff=74 pending=1273 rate=1.25/s
[2026-05-25T05:50:27+08:00] dry-run processed=2275/3528 success=2262 failure=13 diff=74 pending=1250 rate=1.24/s
[2026-05-25T05:51:01+08:00] dry-run processed=2300/3528 success=2287 failure=13 diff=75 pending=1225 rate=1.23/s
[2026-05-25T05:51:36+08:00] dry-run processed=2325/3528 success=2312 failure=13 diff=75 pending=1200 rate=1.22/s
[2026-05-25T05:52:10+08:00] dry-run processed=2350/3528 success=2337 failure=13 diff=76 pending=1175 rate=1.21/s
[2026-05-25T05:52:45+08:00] dry-run processed=2375/3528 success=2362 failure=13 diff=76 pending=1150 rate=1.21/s
[2026-05-25T05:53:19+08:00] dry-run processed=2400/3528 success=2387 failure=13 diff=76 pending=1125 rate=1.20/s
[2026-05-25T05:53:52+08:00] dry-run processed=2425/3528 success=2412 failure=13 diff=77 pending=1100 rate=1.19/s
[2026-05-25T05:54:28+08:00] dry-run processed=2450/3528 success=2437 failure=13 diff=78 pending=1075 rate=1.18/s
[2026-05-25T05:54:55+08:00] periodic processed=2469/3528 success=2456 failure=13 diff=78 pending=1055 rate=1.18/s
[2026-05-25T05:55:01+08:00] dry-run processed=2475/3528 success=2462 failure=13 diff=78 pending=1050 rate=1.17/s
[2026-05-25T05:55:35+08:00] dry-run processed=2500/3528 success=2487 failure=13 diff=78 pending=1025 rate=1.17/s
[2026-05-25T05:56:10+08:00] dry-run processed=2525/3528 success=2512 failure=13 diff=80 pending=1000 rate=1.16/s
[2026-05-25T05:56:46+08:00] dry-run processed=2550/3528 success=2537 failure=13 diff=80 pending=975 rate=1.15/s
[2026-05-25T05:57:20+08:00] dry-run processed=2575/3528 success=2562 failure=13 diff=80 pending=950 rate=1.15/s
