Loaded 15233 skin rows into 3528 target families.
Resume skipped existing results: 10; queued: 3518.
Output: C:\Users\18220\Desktop\cs2_alchemy\output\c5-wear-dry-run
[2026-05-25T04:24:53+08:00] dry-run processed=25/3528 success=25 failure=0 diff=0 pending=3502 rate=0.45/s
[2026-05-25T04:26:21+08:00] dry-run processed=50/3528 success=50 failure=0 diff=1 pending=3477 rate=0.35/s
[2026-05-25T04:27:54+08:00] dry-run processed=75/3528 success=75 failure=0 diff=2 pending=3452 rate=0.32/s
[2026-05-25T04:28:57+08:00] periodic processed=92/3528 success=92 failure=0 diff=2 pending=3434 rate=0.31/s
[2026-05-25T04:29:22+08:00] dry-run processed=100/3528 success=100 failure=0 diff=2 pending=3427 rate=0.31/s
[2026-05-25T04:30:52+08:00] dry-run processed=125/3528 success=124 failure=1 diff=3 pending=3402 rate=0.30/s
[2026-05-25T04:32:23+08:00] dry-run processed=150/3528 success=149 failure=1 diff=4 pending=3377 rate=0.30/s
[2026-05-25T04:33:54+08:00] dry-run processed=175/3528 success=174 failure=1 diff=5 pending=3352 rate=0.29/s
[2026-05-25T04:33:57+08:00] periodic processed=175/3528 success=174 failure=1 diff=5 pending=3351 rate=0.29/s
[2026-05-25T04:35:24+08:00] dry-run processed=200/3528 success=199 failure=1 diff=5 pending=3327 rate=0.29/s
[2026-05-25T04:36:51+08:00] dry-run processed=225/3528 success=223 failure=2 diff=5 pending=3302 rate=0.29/s
[2026-05-25T04:38:24+08:00] dry-run processed=250/3528 success=248 failure=2 diff=5 pending=3277 rate=0.29/s
[2026-05-25T04:38:57+08:00] periodic processed=259/3528 success=257 failure=2 diff=5 pending=3267 rate=0.29/s
[2026-05-25T04:39:52+08:00] dry-run processed=275/3528 success=273 failure=2 diff=7 pending=3252 rate=0.29/s
[2026-05-25T04:41:25+08:00] dry-run processed=300/3528 success=298 failure=2 diff=9 pending=3227 rate=0.29/s
[2026-05-25T04:42:54+08:00] dry-run processed=325/3528 success=323 failure=2 diff=9 pending=3202 rate=0.29/s
[2026-05-25T04:43:57+08:00] periodic processed=341/3528 success=339 failure=2 diff=10 pending=3185 rate=0.28/s
[2026-05-25T04:44:27+08:00] dry-run processed=350/3528 success=348 failure=2 diff=10 pending=3177 rate=0.28/s
[2026-05-25T04:45:55+08:00] dry-run processed=375/3528 success=373 failure=2 diff=10 pending=3152 rate=0.28/s
[2026-05-25T04:47:28+08:00] dry-run processed=400/3528 success=398 failure=2 diff=11 pending=3127 rate=0.28/s
[2026-05-25T04:48:55+08:00] dry-run processed=425/3528 success=423 failure=2 diff=12 pending=3102 rate=0.28/s
[2026-05-25T04:48:57+08:00] periodic processed=425/3528 success=423 failure=2 diff=12 pending=3101 rate=0.28/s
[2026-05-25T04:50:23+08:00] dry-run processed=450/3528 success=447 failure=3 diff=14 pending=3077 rate=0.28/s
[2026-05-25T04:51:56+08:00] dry-run processed=475/3528 success=472 failure=3 diff=17 pending=3052 rate=0.28/s
[2026-05-25T04:53:24+08:00] dry-run processed=500/3528 success=497 failure=3 diff=17 pending=3027 rate=0.28/s
[2026-05-25T04:53:57+08:00] periodic processed=508/3528 success=505 failure=3 diff=17 pending=3018 rate=0.28/s
[2026-05-25T04:54:57+08:00] dry-run processed=525/3528 success=522 failure=3 diff=17 pending=3002 rate=0.28/s
[2026-05-25T04:56:26+08:00] dry-run processed=550/3528 success=547 failure=3 diff=17 pending=2977 rate=0.28/s
[2026-05-25T04:57:59+08:00] dry-run processed=575/3528 success=572 failure=3 diff=17 pending=2952 rate=0.28/s
[2026-05-25T04:58:57+08:00] periodic processed=591/3528 success=588 failure=3 diff=18 pending=2935 rate=0.28/s
[2026-05-25T04:59:27+08:00] dry-run processed=600/3528 success=597 failure=3 diff=18 pending=2927 rate=0.28/s
[2026-05-25T05:01:00+08:00] dry-run processed=625/3528 success=622 failure=3 diff=18 pending=2902 rate=0.28/s
[2026-05-25T05:02:28+08:00] dry-run processed=650/3528 success=647 failure=3 diff=18 pending=2877 rate=0.28/s
[2026-05-25T05:03:57+08:00] periodic processed=674/3528 success=671 failure=3 diff=19 pending=2852 rate=0.28/s
[2026-05-25T05:04:01+08:00] dry-run processed=675/3528 success=672 failure=3 diff=19 pending=2852 rate=0.28/s
[2026-05-25T05:05:29+08:00] dry-run processed=700/3528 success=697 failure=3 diff=20 pending=2827 rate=0.28/s
[2026-05-25T05:07:02+08:00] dry-run processed=725/3528 success=722 failure=3 diff=21 pending=2802 rate=0.28/s
[2026-05-25T05:08:30+08:00] dry-run processed=750/3528 success=747 failure=3 diff=22 pending=2777 rate=0.28/s
[2026-05-25T05:08:57+08:00] periodic processed=756/3528 success=753 failure=3 diff=22 pending=2770 rate=0.28/s
[2026-05-25T05:10:04+08:00] dry-run processed=775/3528 success=772 failure=3 diff=23 pending=2752 rate=0.28/s
[2026-05-25T05:11:32+08:00] dry-run processed=800/3528 success=797 failure=3 diff=24 pending=2727 rate=0.28/s
[2026-05-25T05:13:05+08:00] dry-run processed=825/3528 success=822 failure=3 diff=24 pending=2702 rate=0.28/s
[2026-05-25T05:13:57+08:00] periodic processed=840/3528 success=837 failure=3 diff=24 pending=2686 rate=0.28/s
[2026-05-25T05:14:33+08:00] dry-run processed=850/3528 success=847 failure=3 diff=24 pending=2677 rate=0.28/s
[2026-05-25T05:16:06+08:00] dry-run processed=875/3528 success=872 failure=3 diff=25 pending=2652 rate=0.28/s
[2026-05-25T05:17:34+08:00] dry-run processed=900/3528 success=897 failure=3 diff=27 pending=2627 rate=0.28/s
[2026-05-25T05:18:57+08:00] periodic processed=922/3528 success=919 failure=3 diff=27 pending=2604 rate=0.28/s
[2026-05-25T05:19:07+08:00] dry-run processed=925/3528 success=922 failure=3 diff=27 pending=2602 rate=0.28/s
